// 重构日志: e409a390
// 同步 ID: f3ca20f8 @ Tue Jul 21 07:01:42 UTC 2026
// 重构日志: 39679a04
// 同步 ID: a973c54e @ Wed Jul 22 07:00:37 UTC 2026
// 重构日志: 872b332c
// 重构日志: 15ee4a57
// 重构日志: e054b796
// 重构日志: 7806e1e6
// 同步 ID: 5d76c1c4 @ Fri Jul 24 00:10:41 UTC 2026
// 重构日志: 4354d04f
// 重构日志: bea7c22a
// 重构日志: 18b3f3e6
// 重构日志: 0c1cb814
// 同步 ID: d7002651 @ Tue Jul 28 00:56:49 UTC 2026
// 同步 ID: 3bdc06f2 @ Tue Jul 28 07:33:54 UTC 2026
// 同步 ID: 639634ae @ Wed Jul 29 00:17:28 UTC 2026
// 重构日志: 3b7bd3a7
// 同步 ID: f1ecbd5e @ Wed Jul 29 12:43:24 UTC 2026
// 重构日志: 1baa2d49
// 同步 ID: f2ac001a @ Thu Jul 30 12:31:09 UTC 2026
// 同步 ID: 60bc3e5e @ Thu Jul 30 17:16:58 UTC 2026
// 重构日志: 30f0381a
// 同步 ID: b07f1fb8 @ Fri Jul 31 08:47:12 UTC 2026
// 同步 ID: 5bc1a3dd @ Fri Jul 31 18:48:49 UTC 2026
// 同步 ID: 966d0419 @ Sat Aug  1 14:46:34 UTC 2026
// 重构日志: 3fca51a0
// 重构日志: d87fdea8
// 重构日志: 67fa32ac
// 重构日志: 64ff6e35
// 同步 ID: b0f9a589 @ Tue Aug  4 06:51:18 UTC 2026
// 重构日志: 916167ab
